

Microchip MPLAB XC8 Assembler V4.00 build 20260614213421 
                                                                                                           Thu Sep 24 11:06:44 2026


     1                           	processor	18F4550
     2                           	pagewidth 132
     3                           	psect	const,global,reloc=2,class=CONST,space=0,delta=1,noexec
     4                           	psect	smallconst,global,reloc=2,class=SMALLCONST,space=0,delta=1,noexec
     5                           	psect	mediumconst,global,reloc=2,class=MEDIUMCONST,space=0,delta=1,noexec
     6                           	psect	rbss,global,class=COMRAM,space=1,delta=1,noexec
     7                           	psect	bss,global,class=RAM,space=1,delta=1,noexec
     8                           	psect	rdata,global,class=COMRAM,space=1,delta=1,noexec
     9                           	psect	irdata,global,reloc=2,class=CODE,space=0,delta=1,noexec
    10                           	psect	data,global,class=RAM,space=1,delta=1,noexec
    11                           	psect	idata,global,reloc=2,class=CODE,space=0,delta=1,noexec
    12                           	psect	nvrram,global,class=COMRAM,space=1,delta=1,noexec
    13                           	psect	nvbit,global,bit,class=COMRAM,space=1,delta=1,noexec
    14                           	psect	temp,global,ovrld,class=COMRAM,space=1,delta=1,noexec
    15                           	psect	struct,global,ovrld,class=COMRAM,space=1,delta=1,noexec
    16                           	psect	rbit,global,bit,class=COMRAM,space=1,delta=1,noexec
    17                           	psect	bigbss,global,class=BIGRAM,space=1,delta=1,noexec
    18                           	psect	bigdata,global,class=BIGRAM,space=1,delta=1,noexec
    19                           	psect	ibigdata,global,reloc=2,class=CODE,space=0,delta=1,noexec
    20                           	psect	farbss,global,reloc=2,class=FARRAM,space=0,delta=1,noexec
    21                           	psect	nvFARRAM,global,reloc=2,class=FARRAM,space=0,delta=1,noexec
    22                           	psect	fardata,global,reloc=2,class=FARRAM,space=0,delta=1,noexec
    23                           	psect	ifardata,global,reloc=2,class=CODE,space=0,delta=1,noexec
    24                           	psect	reset_vec,global,reloc=2,class=CODE,space=0,delta=1
    25                           	psect	powerup,global,reloc=2,class=CODE,space=0,delta=1
    26                           	psect	init,global,reloc=2,class=CODE,space=0,delta=1
    27                           	psect	text,global,reloc=2,class=CODE,space=0,delta=1
    28                           	psect	clrtext,global,reloc=2,class=CODE,space=0,delta=1
    29                           	psect	config,global,class=CONFIG,space=4,delta=1,noexec
    30                           	psect	idloc,global,class=IDLOC,space=5,delta=1,noexec
    31                           	psect	intcode,global,reloc=2,class=CODE,space=0,delta=1
    32                           	psect	sivt_hi,global,reloc=2,class=CODE,space=0,delta=1
    33                           	psect	intcode_body,global,reloc=2,class=CODE,space=0,delta=1
    34                           	psect	intcodelo,global,reloc=2,class=CODE,space=0,delta=1
    35                           	psect	sivt_lo,global,reloc=2,class=CODE,space=0,delta=1
    36                           	psect	intret,global,reloc=2,class=CODE,space=0,delta=1
    37                           	psect	intentry,global,reloc=2,class=CODE,space=0,delta=1
    38                           	psect	intsave_regs,global,class=BIGRAM,space=1,delta=1
    39                           	psect	eeprom_data,global,class=EEDATA,space=0,delta=1,noexec
    40                           	psect	ramtop,global,class=RAM,space=0,delta=1,noexec
    41                           	psect	stack,global,class=STACK,space=2,delta=1,noexec
    42                           	psect	heap,global,class=HEAP,space=7,delta=1,noexec
    43                           	psect	comram,global,class=COMRAM,space=1,delta=1
    44                           	psect	abs1,global,class=ABS1,space=1,delta=1
    45                           	psect	bigram,global,class=BIGRAM,space=1,delta=1
    46                           	psect	ram,global,class=RAM,space=1,delta=1
    47                           	psect	bank0,global,class=BANK0,space=1,delta=1
    48                           	psect	bank1,global,class=BANK1,space=1,delta=1
    49                           	psect	bank2,global,class=BANK2,space=1,delta=1
    50                           	psect	bank3,global,class=BANK3,space=1,delta=1
    51                           	psect	bank4,global,class=BANK4,space=1,delta=1
    52                           	psect	bank5,global,class=BANK5,space=1,delta=1
    53                           	psect	bank6,global,class=BANK6,space=1,delta=1
    54                           	psect	bank7,global,class=BANK7,space=1,delta=1
    55                           	psect	sfr,global,class=SFR,space=1,delta=1
    56                           	psect	bigsfr,global,class=BIGSFR,space=1,delta=1
    57                           
    58                           ; Microchip MPLAB XC8 C Compiler V4.00
    59                           ; Copyright (C) 2026 Microchip Technology Inc.
    60                           ; Auto-generated runtime startup code for final link stage.
    61                           ;
    62                           ; Compiler options:
    63                           ;
    64                           ; -q --opt=none --chip=18f4550 \
    65                           ; --dfp=/home/codespace/.mchp_packs/PIC18Fxxxx_DFP/xc8 src/main.c \
    66                           ; -L--fixupoverflow=error --std=c99 --rors --icl=auto --callgraph=none \
    67                           ; --warn=-3 --errformat=%f:%l:%c: error: (%n) %s \
    68                           ; --warnformat=%f:%l:%c: warning: (%n) %s \
    69                           ; --msgformat=%f:%l:%c: advisory: (%n) %s
    70                           ;
    71   000000                     
    72                           ; Generated 02/09/2026 GMT
    73                           ; 
    74                           ; Copyright (c) 2026 Microchip Technology Inc. and its subsidiaries.
    75                           ; 
    76                           ; Licensed under the Apache License, Version 2.0 (the "License");
    77                           ; you may not use this file except in compliance with the License.
    78                           ; You may obtain a copy of the License at
    79                           ; 
    80                           ;   http://www.apache.org/licenses/LICENSE-2.0
    81                           ; 
    82                           ; Unless required by applicable law or agreed to in writing, software
    83                           ; distributed under the License is distributed on an "AS IS" BASIS,
    84                           ; WITHOUT WARRANTIES OR CONDITIONS OF ANY KIND, either express or implied.
    85                           ; See the License for the specific language governing permissions and
    86                           ; limitations under the License.
    87                           ; 
    88                           ; 
    89                           ; Code-generator required, PIC18F4550 Definitions
    90                           ; 
    91                           ; SFR Addresses
    92   000FE0                     bsr             equ	4064
    93   000FE9                     fsr0            equ	4073
    94   000FEA                     fsr0h           equ	4074
    95   000FE9                     fsr0l           equ	4073
    96   000FE1                     fsr1            equ	4065
    97   000FE2                     fsr1h           equ	4066
    98   000FE1                     fsr1l           equ	4065
    99   000FD9                     fsr2            equ	4057
   100   000FDA                     fsr2h           equ	4058
   101   000FD9                     fsr2l           equ	4057
   102   000FEF                     indf0           equ	4079
   103   000FE7                     indf1           equ	4071
   104   000FDF                     indf2           equ	4063
   105   000FF2                     intcon          equ	4082
   106   000000                     nvmcon          equ	0
   107   000FF9                     pcl             equ	4089
   108   000FFA                     pclath          equ	4090
   109   000FFB                     pclatu          equ	4091
   110   000FEB                     plusw0          equ	4075
   111   000FE3                     plusw1          equ	4067
   112   000FDB                     plusw2          equ	4059
   113   000FED                     postdec0        equ	4077
   114   000FE5                     postdec1        equ	4069
   115   000FDD                     postdec2        equ	4061
   116   000FEE                     postinc0        equ	4078
   117   000FE6                     postinc1        equ	4070
   118   000FDE                     postinc2        equ	4062
   119   000FEC                     preinc0         equ	4076
   120   000FE4                     preinc1         equ	4068
   121   000FDC                     preinc2         equ	4060
   122   000FF3                     prod            equ	4083
   123   000FF4                     prodh           equ	4084
   124   000FF3                     prodl           equ	4083
   125   000FD8                     status          equ	4056
   126   000FF5                     tablat          equ	4085
   127   000FF6                     tblptr          equ	4086
   128   000FF7                     tblptrh         equ	4087
   129   000FF6                     tblptrl         equ	4086
   130   000FF8                     tblptru         equ	4088
   131   000FFD                     tosl            equ	4093
   132   000FE8                     wreg            equ	4072
   133   000001                     pic18cxx        equ	1
   134                           
   135                           	psect	reset_vec
   136   000000                     
   137                           ; No powerup routine
   138                           ; jump to start
   139   000000  EFFE  F03F         	goto	start
   140                           
   141                           ; No interrupt routines
   142   000060                     __accesstop     equ	96
   143                           
   144                           ;Initialize the stack pointer (FSR1)
   145   000000                     stacklo         equ	0
   146   000000                     stackhi         equ	0
   147                           
   148                           	psect	init
   149   007FFC                     start:
   150                           	callstack 0
   151   007FFC  EF1E  F004         	goto	start_initialization	;jump to C runtime clear & initialization
   152                           
   153                           	psect	text
   154   000000                     intlevel0:
   155                           	callstack 0
   156   000000                     intlevel1:
   157                           	callstack 0
   158   000000                     intlevel2:
   159                           	callstack 0
   160   000000                     intlevel3:
   161                           	callstack 0	; top of RAM usage
   162                           
   163                           	psect	ramtop
   164   000800                     __ramtop:
   165                           	callstack 0
   166                           
   167                           	psect	stack
   168   000000                     ___sp:
   169                           	callstack 0
   170   000000                     ___inthi_sp:
   171                           	callstack 0
   172   000000                     ___intlo_sp:
   173                           	callstack 0
   174   000000                     ___stack_lo:
   175                           	callstack 0
   176   000000                     ___stack_hi:
   177                           	callstack 0
   178   000000                     ___inthi_stack_lo:
   179                           	callstack 0
   180   000000                     ___inthi_stack_hi:
   181                           	callstack 0
   182   000000                     ___intlo_stack_lo:
   183                           	callstack 0
   184   000000                     ___intlo_stack_hi:
   185                           	callstack 0
   186                           
   187                           ; No heap to be allocated
   188                           
   189                           	psect	heap
   190   000000                     ___heap_lo      equ	0
   191   000000                     ___heap_hi      equ	0
   192                           tosu	equ	0xFFF
   193                           tosh	equ	0xFFE
   194                           tosl	equ	0xFFD
   195                           stkptr	equ	0xFFC
   196                           pclatu	equ	0xFFB
   197                           pclath	equ	0xFFA
   198                           pcl	equ	0xFF9
   199                           tblptru	equ	0xFF8
   200                           tblptrh	equ	0xFF7
   201                           tblptrl	equ	0xFF6
   202                           tablat	equ	0xFF5
   203                           prodh	equ	0xFF4
   204                           prodl	equ	0xFF3
   205                           indf0	equ	0xFEF
   206                           postinc0	equ	0xFEE
   207                           postdec0	equ	0xFED
   208                           preinc0	equ	0xFEC
   209                           plusw0	equ	0xFEB
   210                           fsr0h	equ	0xFEA
   211                           fsr0l	equ	0xFE9
   212                           wreg	equ	0xFE8
   213                           indf1	equ	0xFE7
   214                           postinc1	equ	0xFE6
   215                           postdec1	equ	0xFE5
   216                           preinc1	equ	0xFE4
   217                           plusw1	equ	0xFE3
   218                           fsr1h	equ	0xFE2
   219                           fsr1l	equ	0xFE1
   220                           bsr	equ	0xFE0
   221                           indf2	equ	0xFDF
   222                           postinc2	equ	0xFDE
   223                           postdec2	equ	0xFDD
   224                           preinc2	equ	0xFDC
   225                           plusw2	equ	0xFDB
   226                           fsr2h	equ	0xFDA
   227                           fsr2l	equ	0xFD9
   228                           status	equ	0xFD8


Microchip Technology PIC18 Macro Assembler V4.00 build 20260614213421 
Symbol Table                                                                                               Thu Sep 24 11:06:44 2026

                __S1 0003                 ___sp 0000                 _main 0802                 start 7FFC  
              __HRAM 0000                __LRAM 0001               isa$std 0001     ___inthi_stack_hi 0000  
   ___inthi_stack_lo 0000               stackhi 0000               stacklo 0000           __accesstop 0060  
         ___inthi_sp 0000           ___intlo_sp 0000           ___stack_hi 0000           ___stack_lo 0000  
   ___intlo_stack_hi 0000     ___intlo_stack_lo 0000              __ramtop 0800  start_initialization 083C  
          ___heap_hi 0000            ___heap_lo 0000             isa$xinst 0000             intlevel0 0000  
           intlevel1 0000             intlevel2 0000             intlevel3 0000             reset_vec 0000  
